1785832522.502195 client started (1458976): version 3.6, socket /tmp/tmux-1000/default, protocol 8
1785832522.502215 on Linux 7.0.0-28-generic #28-Ubuntu SMP PREEMPT_DYNAMIC Sun Jun 21 01:01:36 UTC 2026
1785832522.502219 using libevent 2.1.12-stable poll
1785832522.502221 using ncurses 6.6 20251231
1785832522.502236 flags are 0x8010000
1785832522.502244 socket is /tmp/tmux-1000/default
1785832522.502253 trying connect
1785832522.502274 add peer 0x76f2280342a0: 8 ((nil))
1785832522.502436 sending message 111 to peer 0x76f2280342a0 (8 bytes)
1785832522.502440 sending message 111 to peer 0x76f2280342a0 (8 bytes)
1785832522.502441 sending message 101 to peer 0x76f2280342a0 (5 bytes)
1785832522.502443 sending message 109 to peer 0x76f2280342a0 (4 bytes)
1785832522.502444 sending message 102 to peer 0x76f2280342a0 (11 bytes)
1785832522.502446 sending message 108 to peer 0x76f2280342a0 (25 bytes)
1785832522.502448 sending message 112 to peer 0x76f2280342a0 (5 bytes)
1785832522.502449 sending message 112 to peer 0x76f2280342a0 (6 bytes)
1785832522.502451 sending message 112 to peer 0x76f2280342a0 (6 bytes)
1785832522.502452 sending message 112 to peer 0x76f2280342a0 (7 bytes)
1785832522.502454 sending message 104 to peer 0x76f2280342a0 (0 bytes)
1785832522.502456 sending message 110 to peer 0x76f2280342a0 (0 bytes)
1785832522.502458 sending message 107 to peer 0x76f2280342a0 (4 bytes)
1785832522.502460 sending message 105 to peer 0x76f2280342a0 (16 bytes)
1785832522.502462 sending message 105 to peer 0x76f2280342a0 (39 bytes)
1785832522.502463 sending message 105 to peer 0x76f2280342a0 (20 bytes)
1785832522.502465 sending message 105 to peer 0x76f2280342a0 (63 bytes)
1785832522.502466 sending message 105 to peer 0x76f2280342a0 (84 bytes)
1785832522.502468 sending message 105 to peer 0x76f2280342a0 (18 bytes)
1785832522.502469 sending message 105 to peer 0x76f2280342a0 (27 bytes)
1785832522.502471 sending message 105 to peer 0x76f2280342a0 (34 bytes)
1785832522.502472 sending message 105 to peer 0x76f2280342a0 (11 bytes)
1785832522.502474 sending message 105 to peer 0x76f2280342a0 (29 bytes)
1785832522.502475 sending message 105 to peer 0x76f2280342a0 (17 bytes)
1785832522.502477 sending message 105 to peer 0x76f2280342a0 (21 bytes)
1785832522.502478 sending message 105 to peer 0x76f2280342a0 (18 bytes)
1785832522.502480 sending message 105 to peer 0x76f2280342a0 (16 bytes)
1785832522.502481 sending message 105 to peer 0x76f2280342a0 (20 bytes)
1785832522.502483 sending message 105 to peer 0x76f2280342a0 (17 bytes)
1785832522.502484 sending message 105 to peer 0x76f2280342a0 (1764 bytes)
1785832522.502486 sending message 105 to peer 0x76f2280342a0 (48 bytes)
1785832522.502488 sending message 105 to peer 0x76f2280342a0 (69 bytes)
1785832522.502489 sending message 105 to peer 0x76f2280342a0 (24 bytes)
1785832522.502491 sending message 105 to peer 0x76f2280342a0 (101 bytes)
1785832522.502492 sending message 105 to peer 0x76f2280342a0 (453 bytes)
1785832522.502494 sending message 105 to peer 0x76f2280342a0 (28 bytes)
1785832522.502496 sending message 105 to peer 0x76f2280342a0 (65 bytes)
1785832522.502497 sending message 105 to peer 0x76f2280342a0 (29 bytes)
1785832522.502499 sending message 105 to peer 0x76f2280342a0 (34 bytes)
1785832522.502500 sending message 105 to peer 0x76f2280342a0 (23 bytes)
1785832522.502502 sending message 105 to peer 0x76f2280342a0 (10 bytes)
1785832522.502503 sending message 105 to peer 0x76f2280342a0 (32 bytes)
1785832522.502505 sending message 105 to peer 0x76f2280342a0 (14 bytes)
1785832522.502506 sending message 105 to peer 0x76f2280342a0 (14 bytes)
1785832522.502508 sending message 105 to peer 0x76f2280342a0 (2555 bytes)
1785832522.502510 sending message 105 to peer 0x76f2280342a0 (8 bytes)
1785832522.502511 sending message 105 to peer 0x76f2280342a0 (14 bytes)
1785832522.502513 sending message 105 to peer 0x76f2280342a0 (10 bytes)
1785832522.502514 sending message 105 to peer 0x76f2280342a0 (20 bytes)
1785832522.502516 sending message 105 to peer 0x76f2280342a0 (31 bytes)
1785832522.502517 sending message 105 to peer 0x76f2280342a0 (20 bytes)
1785832522.502524 sending message 105 to peer 0x76f2280342a0 (63 bytes)
1785832522.502526 sending message 105 to peer 0x76f2280342a0 (31 bytes)
1785832522.502527 sending message 105 to peer 0x76f2280342a0 (58 bytes)
1785832522.502529 sending message 105 to peer 0x76f2280342a0 (47 bytes)
1785832522.502530 sending message 105 to peer 0x76f2280342a0 (24 bytes)
1785832522.502532 sending message 105 to peer 0x76f2280342a0 (32 bytes)
1785832522.502533 sending message 105 to peer 0x76f2280342a0 (34 bytes)
1785832522.502538 sending message 105 to peer 0x76f2280342a0 (43 bytes)
1785832522.502539 sending message 105 to peer 0x76f2280342a0 (82 bytes)
1785832522.502541 sending message 105 to peer 0x76f2280342a0 (631 bytes)
1785832522.502543 sending message 105 to peer 0x76f2280342a0 (54 bytes)
1785832522.502544 sending message 105 to peer 0x76f2280342a0 (300 bytes)
1785832522.502546 sending message 105 to peer 0x76f2280342a0 (54 bytes)
1785832522.502547 sending message 105 to peer 0x76f2280342a0 (26 bytes)
1785832522.502549 sending message 106 to peer 0x76f2280342a0 (0 bytes)
1785832522.502556 cmd_pack_argv: argv[0]=ls
1785832522.502558 sending message 200 to peer 0x76f2280342a0 (7 bytes)
1785832522.502559 client loop enter
1785832522.502566 client loop exit
